// Jest Snapshot v1, https://goo.gl/fbAQLP

exports[`matches snapshot 1`] = `
<DocumentFragment>
  <div
    class="box-component"
  >
    <div
      class="box"
    />
    <button
      class="box-btn"
    >
      X
    </button>
  </div>
</DocumentFragment>
`;
